Vercel CLI 48.2.9
WARN! Build not running on Vercel. System environment variables will not be available.
WARNING: You should not upload the `.next` directory.
Installing dependencies...

up to date in 826ms

245 packages are looking for funding
  run `npm fund` for details
Detected Next.js version: 15.5.0
Running "npm run build"

> my-app@0.1.0 build
> next build

   ▲ Next.js 15.5.0
   - Environments: .env.local

   Creating an optimized production build ...
 ✓ Compiled successfully in 1963ms
   Skipping linting
   Checking validity of types ...
   Collecting page data ...
   Generating static pages (0/24) ...
   Generating static pages (6/24) 
   Generating static pages (12/24) 
   Generating static pages (18/24) 
 ✓ Generating static pages (24/24)
   Finalizing page optimization ...
   Collecting build traces ...

Route (app)                                        Size  First Load JS
┌ ○ /                                           3.59 kB         129 kB
├ ○ /_not-found                                   993 B         103 kB
├ ○ /about                                      2.03 kB         113 kB
├ ƒ /api/git-content                              145 B         102 kB
├ ƒ /api/health                                   145 B         102 kB
├ ƒ /api/publish-post                             145 B         102 kB
├ ○ /benefits-of-fractional-cmo                   173 B         105 kB
├ ○ /blog                                         145 B         102 kB
├ ● /blog/[slug]                                1.77 kB         107 kB
├   ├ /blog/fractional-cmo-alternative
├   └ /blog/scaling-revenue-without-scale-debt
├ ƒ /blog/feed.xml                                145 B         102 kB
├ ○ /fractional-cmo-hourly-rate                   173 B         105 kB
├ ○ /fractional-cmo-responsibilities              173 B         105 kB
├ ○ /fractional-cmo-services                      145 B         102 kB
├ ○ /fractional-marketing-services                173 B         105 kB
├ ○ /privacy                                      145 B         102 kB
├ ○ /process                                    5.21 kB         122 kB
├ ○ /publish                                    1.64 kB         103 kB
├ ○ /robots.txt                                   145 B         102 kB
├ ƒ /sitemap.xml                                  145 B         102 kB
├ ○ /styleguide                                 1.53 kB         116 kB
└ ○ /what-is-fractional-cmo                       173 B         105 kB
+ First Load JS shared by all                    102 kB
  ├ chunks/255-01c481785f268126.js              45.7 kB
  ├ chunks/4bd1b696-c023c6e3521b1417.js         54.2 kB
  └ other shared chunks (total)                 1.93 kB


ƒ Middleware                                    34.2 kB

○  (Static)   prerendered as static content
●  (SSG)      prerendered as static HTML (uses generateStaticParams)
ƒ  (Dynamic)  server-rendered on demand

Traced Next.js server files in: 176.277ms
Created all serverless functions in: 72.266ms
Collected static files (public/, static/, .next/static): 4.357ms
Build Completed in .vercel/output [17s]
